# name: test_logger
  OrderedDict({
    'm_f8_matrix_out': list([
      list([
        3.0,
        3.0,
        3.0,
        3.0,
      ]),
      list([
        9.0,
        9.0,
        9.0,
        9.0,
      ]),
      list([
        27.0,
        27.0,
        27.0,
        27.0,
      ]),
      list([
        81.0,
        81.0,
        81.0,
        81.0,
      ]),
      list([
        243.0,
        243.0,
        243.0,
        243.0,
      ]),
      list([
        729.0,
        729.0,
        729.0,
        729.0,
      ]),
      list([
        2187.0,
        2187.0,
        2187.0,
        2187.0,
      ]),
      list([
        6561.0,
        6561.0,
        6561.0,
        6561.0,
      ]),
      list([
        19683.0,
        19683.0,
        19683.0,
        19683.0,
      ]),
      list([
        59049.0,
        59049.0,
        59049.0,
        59049.0,
      ]),
      list([
        177147.0,
        177147.0,
        177147.0,
        177147.0,
      ]),
      list([
        531441.0,
        531441.0,
        531441.0,
        531441.0,
      ]),
      list([
        1594323.0,
        1594323.0,
        1594323.0,
        1594323.0,
      ]),
      list([
        4782969.0,
        4782969.0,
        4782969.0,
        4782969.0,
      ]),
      list([
        14348907.0,
        14348907.0,
        14348907.0,
        14348907.0,
      ]),
      list([
        43046721.0,
        43046721.0,
        43046721.0,
        43046721.0,
      ]),
      list([
        129140163.0,
        129140163.0,
        129140163.0,
        129140163.0,
      ]),
      list([
        387420489.0,
        387420489.0,
        387420489.0,
        387420489.0,
      ]),
      list([
        1162261467.0,
        1162261467.0,
        1162261467.0,
        1162261467.0,
      ]),
      list([
        3486784401.0,
        3486784401.0,
        3486784401.0,
        3486784401.0,
      ]),
      list([
        10460353203.0,
        10460353203.0,
        10460353203.0,
        10460353203.0,
      ]),
      list([
        1.0,
        2.0,
        3.0,
        4.0,
      ]),
      list([
        3.0,
        6.0,
        9.0,
        12.0,
      ]),
      list([
        9.0,
        18.0,
        27.0,
        36.0,
      ]),
      list([
        27.0,
        54.0,
        81.0,
        108.0,
      ]),
      list([
        81.0,
        162.0,
        243.0,
        324.0,
      ]),
      list([
        243.0,
        486.0,
        729.0,
        972.0,
      ]),
      list([
        729.0,
        1458.0,
        2187.0,
        2916.0,
      ]),
      list([
        2187.0,
        4374.0,
        6561.0,
        8748.0,
      ]),
      list([
        6561.0,
        13122.0,
        19683.0,
        26244.0,
      ]),
      list([
        19683.0,
        39366.0,
        59049.0,
        78732.0,
      ]),
      list([
        59049.0,
        118098.0,
        177147.0,
        236196.0,
      ]),
    ]),
    'r_i1_scalar_out': list([
      2,
      3,
      4,
      5,
      6,
      7,
      8,
      9,
      10,
      11,
      12,
      13,
      14,
      15,
      16,
      17,
      18,
      19,
      20,
      21,
      22,
      23,
      24,
      25,
      26,
      27,
      28,
      29,
      30,
      31,
      32,
      33,
    ]),
    'time_tick': list([
      0,
      1,
      2,
      3,
      4,
      5,
      6,
      7,
      8,
      9,
      10,
      11,
      12,
      13,
      14,
      15,
      16,
      17,
      18,
      19,
      20,
      21,
      22,
      23,
      24,
      25,
      26,
      27,
      28,
      29,
      30,
      31,
    ]),
    'v_f8_vector_floats_x': list([
      2.0,
      4.0,
      8.0,
      16.0,
      32.0,
      64.0,
      128.0,
      256.0,
      512.0,
      1024.0,
      2048.0,
      4096.0,
      8192.0,
      16384.0,
      32768.0,
      65536.0,
      131072.0,
      262144.0,
      524288.0,
      1048576.0,
      2097152.0,
      4194304.0,
      8388608.0,
      16777216.0,
      33554432.0,
      67108864.0,
      134217728.0,
      268435456.0,
      536870912.0,
      1073741824.0,
      1.0,
      2.0,
    ]),
    'v_f8_vector_floats_y': list([
      2.0,
      4.0,
      8.0,
      16.0,
      32.0,
      64.0,
      128.0,
      256.0,
      512.0,
      1024.0,
      2048.0,
      4096.0,
      8192.0,
      16384.0,
      32768.0,
      65536.0,
      131072.0,
      262144.0,
      524288.0,
      1048576.0,
      2097152.0,
      4194304.0,
      8388608.0,
      16777216.0,
      33554432.0,
      67108864.0,
      134217728.0,
      268435456.0,
      536870912.0,
      1073741824.0,
      2.0,
      4.0,
    ]),
    'v_f8_vector_floats_z': list([
      2.0,
      4.0,
      8.0,
      16.0,
      32.0,
      64.0,
      128.0,
      256.0,
      512.0,
      1024.0,
      2048.0,
      4096.0,
      8192.0,
      16384.0,
      32768.0,
      65536.0,
      131072.0,
      262144.0,
      524288.0,
      1048576.0,
      2097152.0,
      4194304.0,
      8388608.0,
      16777216.0,
      33554432.0,
      67108864.0,
      134217728.0,
      268435456.0,
      536870912.0,
      1073741824.0,
      3.0,
      6.0,
    ]),
    'v_f8_vector_floats_z2': list([
      2.0,
      4.0,
      8.0,
      16.0,
      32.0,
      64.0,
      128.0,
      256.0,
      512.0,
      1024.0,
      2048.0,
      4096.0,
      8192.0,
      16384.0,
      32768.0,
      65536.0,
      131072.0,
      262144.0,
      524288.0,
      1048576.0,
      2097152.0,
      4194304.0,
      8388608.0,
      16777216.0,
      33554432.0,
      67108864.0,
      134217728.0,
      268435456.0,
      536870912.0,
      1073741824.0,
      4.0,
      8.0,
    ]),
    'v_i2_vector_ints_0': list([
      -32767,
      -32762,
      -32757,
      -32752,
      -32747,
      -32742,
      -32737,
      -32732,
      -32727,
      -32722,
      -32717,
      -32712,
      -32707,
      -32702,
      -32697,
      -32692,
      -32687,
      -32682,
      -32677,
      -32672,
      -32667,
      -32662,
      -32657,
      -32652,
      -32647,
      -32642,
      -32637,
      -32632,
      -32627,
      -32622,
      -32617,
      -32612,
    ]),
    'v_i2_vector_ints_1': list([
      -20000,
      -19995,
      -19990,
      -19985,
      -19980,
      -19975,
      -19970,
      -19965,
      -19960,
      -19955,
      -19950,
      -19945,
      -19940,
      -19935,
      -19930,
      -19925,
      -19920,
      -19915,
      -19910,
      -19905,
      -19900,
      -19895,
      -19890,
      -19885,
      -19880,
      -19875,
      -19870,
      -19865,
      -19860,
      -19855,
      -19850,
      -19845,
    ]),
    'v_i2_vector_ints_2': list([
      -10000,
      -9995,
      -9990,
      -9985,
      -9980,
      -9975,
      -9970,
      -9965,
      -9960,
      -9955,
      -9950,
      -9945,
      -9940,
      -9935,
      -9930,
      -9925,
      -9920,
      -9915,
      -9910,
      -9905,
      -9900,
      -9895,
      -9890,
      -9885,
      -9880,
      -9875,
      -9870,
      -9865,
      -9860,
      -9855,
      -9850,
      -9845,
    ]),
  })
# ---
